#airmail.cc      cock.li
#420blaze.it     cock.li
inbox.lv         inbox.lv
yandex.com       yandex.com
lycos.com        lycos.com
#vfemail.net     vfemail.net
#tushmail.com    vfemail.net
#tightmail.com   vfemail.net
#openmail.cc     vfemail.net
#mail.ru         account.mail.ru
#bk.ru           account.mail.ru
#inbox.ru        account.mail.ru
#list.ru         account.mail.ru
mailo.com        www.mailo.com
net-c.com        www.mailo.com
netcourrier.com  www.mailo.com
netc.eu          www.mailo.com
netc.fr          www.mailo.com
net-c.be         www.mailo.com
netc.lu          www.mailo.com
net-c.nl         www.mailo.com
netc.it          www.mailo.com
net-c.es         www.mailo.com
net-c.cat        www.mailo.com
netc.pl          www.mailo.com
net-c.ca         www.mailo.com
netcmail.com     www.mailo.com
francemel.fr     www.mailo.com
europamel.net    www.mailo.com
africamel.net    www.mailo.com
brusseler.com    www.mailo.com
emailasso.net    www.mailo.com
inmano.com       www.mailo.com
lavache.com      www.mailo.com
monemail.com     www.mailo.com
perso.be         www.mailo.com
