Vitoria     Alava       945
Albacete    Albacete    967
Alicante    Alicante    96
Almería     Almería     950
Asturias    Asturias    98
Avila       Avila       920
Badajoz     Badajoz     924
Baleares    Baleares    971
Barcelona   Barcelona   93
Bizkaia     Bizkaia     94
Burgos      Burgos      947
Cáceres     Cáceres     927
Cádiz       Cádiz       956
Santander   Cantabria   942
Castellón   Castellón   964
Ceuta       Ceuta       956
Córdoba     Córdoba     957
Cuenca      Cuenca      969
Gipuzkoa    Gipuzkoa    943
Girona      Girona      972
Granada     Granada     958
Guadalajara Guadalajara 949
Huelva      Huelva      959
Huesca      Huesca      974
Leon        Leon        987
Lugo        Lugo        982
Lleida      Lleida      973
Madrid      Madrid      91
Málaga      Málaga      95
Melilla     Melilla     95
Murcia      Murcia      968
Navarra     Navarra     948
Ourense     Ourense     988
Palencia    Palencia    979
Pontevedra  Pontevedra  986
Salamanca   Salamanca   923
Segovia     Segovia     921
Sevilla     Sevilla     95
Soria       Soria       975
Tarragona   Tarragona   977
Teruel      Teruel      978
Toledo      Toledo      925
Valencia    Valencia    96
Valladolid  Valladolid  983
Zamora      Zamora      980
Zaragoza    Zaragoza    976
